// Jest Snapshot v1, https://goo.gl/fbAQLP

exports[`<CitiesList/> If there are cities activeIndex Should match with previous snapshot 1`] = `ShallowWrapper {}`;
